Java HotSpot(TM) 64-Bit Server VM (25.131-b11) for windows-amd64 JRE (1.8.0_131-b11), built on Mar 15 2017 01:23:53 by "java_re" with MS VC++ 10.0 (VS2010)
Memory: 4k page, physical 29238548k(8001012k free), swap 59647252k(11284292k free)
CommandLine flags: -XX:InitialHeapSize=536870912 -XX:MaxHeapSize=536870912 -XX:MaxNewSize=178958336 -XX:MaxTenuringThreshold=6 -XX:NewSize=178958336 -XX:OldPLABSize=16 -XX:OldSize=357912576 -XX:+PrintGC -XX:+PrintGCDateStamps -XX:+PrintGCDetails -XX:+PrintGCTimeStamps -XX:+UseCompressedClassPointers -XX:+UseCompressedOops -XX:+UseConcMarkSweepGC -XX:-UseLargePagesIndividualAllocation -XX:+UseParNewGC 
2021-01-19T09:12:02.823+0800: 0.318: [GC (Allocation Failure) 2021-01-19T09:12:02.823+0800: 0.319: [ParNew: 139776K->17471K(157248K), 0.0094786 secs] 139776K->42611K(506816K), 0.0096956 secs] [Times: user=0.00 sys=0.00, real=0.01 secs] 
2021-01-19T09:12:02.868+0800: 0.363: [GC (Allocation Failure) 2021-01-19T09:12:02.868+0800: 0.363: [ParNew: 157002K->17472K(157248K), 0.0116934 secs] 182142K->85122K(506816K), 0.0118119 secs] [Times: user=0.06 sys=0.00, real=0.01 secs] 
2021-01-19T09:12:02.904+0800: 0.399: [GC (Allocation Failure) 2021-01-19T09:12:02.904+0800: 0.399: [ParNew: 157248K->17471K(157248K), 0.0191320 secs] 224898K->130395K(506816K), 0.0192660 secs] [Times: user=0.03 sys=0.02, real=0.02 secs] 
2021-01-19T09:12:02.947+0800: 0.443: [GC (Allocation Failure) 2021-01-19T09:12:02.948+0800: 0.443: [ParNew: 157247K->17472K(157248K), 0.0189115 secs] 270171K->175219K(506816K), 0.0190692 secs] [Times: user=0.03 sys=0.02, real=0.02 secs] 
2021-01-19T09:12:02.993+0800: 0.489: [GC (Allocation Failure) 2021-01-19T09:12:02.993+0800: 0.489: [ParNew: 157248K->17469K(157248K), 0.0188132 secs] 314995K->220411K(506816K), 0.0189191 secs] [Times: user=0.09 sys=0.02, real=0.02 secs] 
2021-01-19T09:12:03.013+0800: 0.508: [GC (CMS Initial Mark) [1 CMS-initial-mark: 202941K(349568K)] 220662K(506816K), 0.0001668 secs] [Times: user=0.00 sys=0.00, real=0.00 secs] 
2021-01-19T09:12:03.013+0800: 0.508: [CMS-concurrent-mark-start]
2021-01-19T09:12:03.016+0800: 0.512: [CMS-concurrent-mark: 0.004/0.004 secs] [Times: user=0.00 sys=0.00, real=0.00 secs] 
2021-01-19T09:12:03.016+0800: 0.512: [CMS-concurrent-preclean-start]
2021-01-19T09:12:03.017+0800: 0.512: [CMS-concurrent-preclean: 0.000/0.000 secs] [Times: user=0.00 sys=0.00, real=0.00 secs] 
2021-01-19T09:12:03.017+0800: 0.512: [CMS-concurrent-abortable-preclean-start]
2021-01-19T09:12:03.035+0800: 0.530: [GC (Allocation Failure) 2021-01-19T09:12:03.035+0800: 0.530: [ParNew: 157245K->17472K(157248K), 0.0210029 secs] 360187K->269661K(506816K), 0.0211035 secs] [Times: user=0.05 sys=0.00, real=0.02 secs] 
2021-01-19T09:12:03.083+0800: 0.579: [GC (Allocation Failure) 2021-01-19T09:12:03.083+0800: 0.579: [ParNew: 157248K->17472K(157248K), 0.0183698 secs] 409437K->312786K(506816K), 0.0184772 secs] [Times: user=0.05 sys=0.00, real=0.02 secs] 
2021-01-19T09:12:03.123+0800: 0.618: [GC (Allocation Failure) 2021-01-19T09:12:03.123+0800: 0.618: [ParNew: 157248K->17471K(157248K), 0.0188559 secs] 452562K->352861K(506816K), 0.0189804 secs] [Times: user=0.03 sys=0.00, real=0.02 secs] 
2021-01-19T09:12:03.142+0800: 0.637: [CMS-concurrent-abortable-preclean: 0.003/0.125 secs] [Times: user=0.23 sys=0.00, real=0.13 secs] 
2021-01-19T09:12:03.143+0800: 0.638: [GC (CMS Final Remark) [YG occupancy: 17489 K (157248 K)]2021-01-19T09:12:03.143+0800: 0.638: [Rescan (parallel) , 0.0002470 secs]2021-01-19T09:12:03.143+0800: 0.639: [weak refs processing, 0.0000131 secs]2021-01-19T09:12:03.143+0800: 0.639: [class unloading, 0.0002430 secs]2021-01-19T09:12:03.143+0800: 0.639: [scrub symbol table, 0.0003829 secs]2021-01-19T09:12:03.144+0800: 0.639: [scrub string table, 0.0001019 secs][1 CMS-remark: 335390K(349568K)] 352879K(506816K), 0.0011268 secs] [Times: user=0.00 sys=0.00, real=0.00 secs] 
2021-01-19T09:12:03.144+0800: 0.639: [CMS-concurrent-sweep-start]
2021-01-19T09:12:03.145+0800: 0.640: [CMS-concurrent-sweep: 0.001/0.001 secs] [Times: user=0.00 sys=0.00, real=0.00 secs] 
2021-01-19T09:12:03.153+0800: 0.648: [CMS-concurrent-reset-start]
2021-01-19T09:12:03.153+0800: 0.648: [CMS-concurrent-reset: 0.000/0.000 secs] [Times: user=0.00 sys=0.00, real=0.00 secs] 
2021-01-19T09:12:03.168+0800: 0.664: [GC (Allocation Failure) 2021-01-19T09:12:03.168+0800: 0.664: [ParNew: 157247K->17470K(157248K), 0.0116370 secs] 447378K->352608K(506816K), 0.0117444 secs] [Times: user=0.00 sys=0.00, real=0.01 secs] 
2021-01-19T09:12:03.180+0800: 0.676: [GC (CMS Initial Mark) [1 CMS-initial-mark: 335138K(349568K)] 352750K(506816K), 0.0001136 secs] [Times: user=0.00 sys=0.00, real=0.00 secs] 
2021-01-19T09:12:03.180+0800: 0.676: [CMS-concurrent-mark-start]
2021-01-19T09:12:03.182+0800: 0.678: [CMS-concurrent-mark: 0.002/0.002 secs] [Times: user=0.02 sys=0.00, real=0.00 secs] 
2021-01-19T09:12:03.182+0800: 0.678: [CMS-concurrent-preclean-start]
2021-01-19T09:12:03.183+0800: 0.678: [CMS-concurrent-preclean: 0.000/0.000 secs] [Times: user=0.00 sys=0.00, real=0.00 secs] 
2021-01-19T09:12:03.183+0800: 0.678: [CMS-concurrent-abortable-preclean-start]
2021-01-19T09:12:03.183+0800: 0.678: [CMS-concurrent-abortable-preclean: 0.000/0.000 secs] [Times: user=0.00 sys=0.00, real=0.00 secs] 
2021-01-19T09:12:03.183+0800: 0.678: [GC (CMS Final Remark) [YG occupancy: 20625 K (157248 K)]2021-01-19T09:12:03.183+0800: 0.678: [Rescan (parallel) , 0.0002200 secs]2021-01-19T09:12:03.183+0800: 0.679: [weak refs processing, 0.0000127 secs]2021-01-19T09:12:03.183+0800: 0.679: [class unloading, 0.0002648 secs]2021-01-19T09:12:03.184+0800: 0.679: [scrub symbol table, 0.0003373 secs]2021-01-19T09:12:03.184+0800: 0.679: [scrub string table, 0.0001049 secs][1 CMS-remark: 335138K(349568K)] 355763K(506816K), 0.0010325 secs] [Times: user=0.00 sys=0.00, real=0.00 secs] 
2021-01-19T09:12:03.184+0800: 0.680: [CMS-concurrent-sweep-start]
2021-01-19T09:12:03.185+0800: 0.680: [CMS-concurrent-sweep: 0.001/0.001 secs] [Times: user=0.00 sys=0.00, real=0.00 secs] 
2021-01-19T09:12:03.185+0800: 0.680: [CMS-concurrent-reset-start]
2021-01-19T09:12:03.185+0800: 0.681: [CMS-concurrent-reset: 0.000/0.000 secs] [Times: user=0.00 sys=0.00, real=0.00 secs] 
2021-01-19T09:12:03.210+0800: 0.705: [GC (Allocation Failure) 2021-01-19T09:12:03.210+0800: 0.705: [ParNew: 157246K->17469K(157248K), 0.0108707 secs] 390584K->298567K(506816K), 0.0109886 secs] [Times: user=0.05 sys=0.00, real=0.01 secs] 
2021-01-19T09:12:03.221+0800: 0.716: [GC (CMS Initial Mark) [1 CMS-initial-mark: 281097K(349568K)] 298711K(506816K), 0.0001026 secs] [Times: user=0.00 sys=0.00, real=0.00 secs] 
2021-01-19T09:12:03.221+0800: 0.716: [CMS-concurrent-mark-start]
2021-01-19T09:12:03.223+0800: 0.719: [CMS-concurrent-mark: 0.002/0.002 secs] [Times: user=0.00 sys=0.00, real=0.00 secs] 
2021-01-19T09:12:03.223+0800: 0.719: [CMS-concurrent-preclean-start]
2021-01-19T09:12:03.224+0800: 0.719: [CMS-concurrent-preclean: 0.000/0.000 secs] [Times: user=0.00 sys=0.00, real=0.00 secs] 
2021-01-19T09:12:03.224+0800: 0.719: [CMS-concurrent-abortable-preclean-start]
2021-01-19T09:12:03.242+0800: 0.738: [GC (Allocation Failure) 2021-01-19T09:12:03.243+0800: 0.738: [ParNew: 157245K->17471K(157248K), 0.0111031 secs] 438343K->343581K(506816K), 0.0112088 secs] [Times: user=0.03 sys=0.00, real=0.01 secs] 
2021-01-19T09:12:03.276+0800: 0.771: [GC (Allocation Failure) 2021-01-19T09:12:03.276+0800: 0.772: [ParNew: 157247K->157247K(157248K), 0.0000216 secs]2021-01-19T09:12:03.276+0800: 0.772: [CMS2021-01-19T09:12:03.276+0800: 0.772: [CMS-concurrent-abortable-preclean: 0.002/0.052 secs] [Times: user=0.08 sys=0.00, real=0.05 secs] 
 (concurrent mode failure): 326110K->300986K(349568K), 0.0584603 secs] 483357K->300986K(506816K), [Metaspace: 2653K->2653K(1056768K)], 0.0586110 secs] [Times: user=0.05 sys=0.00, real=0.06 secs] 
2021-01-19T09:12:03.359+0800: 0.854: [GC (Allocation Failure) 2021-01-19T09:12:03.359+0800: 0.854: [ParNew: 139776K->17471K(157248K), 0.0079369 secs] 440762K->347625K(506816K), 0.0080510 secs] [Times: user=0.00 sys=0.00, real=0.01 secs] 
2021-01-19T09:12:03.367+0800: 0.862: [GC (CMS Initial Mark) [1 CMS-initial-mark: 330153K(349568K)] 347779K(506816K), 0.0001296 secs] [Times: user=0.00 sys=0.00, real=0.00 secs] 
2021-01-19T09:12:03.367+0800: 0.862: [CMS-concurrent-mark-start]
2021-01-19T09:12:03.369+0800: 0.865: [CMS-concurrent-mark: 0.002/0.002 secs] [Times: user=0.03 sys=0.00, real=0.00 secs] 
2021-01-19T09:12:03.369+0800: 0.865: [CMS-concurrent-preclean-start]
2021-01-19T09:12:03.370+0800: 0.865: [CMS-concurrent-preclean: 0.000/0.000 secs] [Times: user=0.00 sys=0.00, real=0.00 secs] 
2021-01-19T09:12:03.370+0800: 0.865: [CMS-concurrent-abortable-preclean-start]
2021-01-19T09:12:03.370+0800: 0.865: [CMS-concurrent-abortable-preclean: 0.000/0.000 secs] [Times: user=0.00 sys=0.00, real=0.00 secs] 
2021-01-19T09:12:03.370+0800: 0.865: [GC (CMS Final Remark) [YG occupancy: 34608 K (157248 K)]2021-01-19T09:12:03.370+0800: 0.865: [Rescan (parallel) , 0.0002533 secs]2021-01-19T09:12:03.370+0800: 0.866: [weak refs processing, 0.0000127 secs]2021-01-19T09:12:03.370+0800: 0.866: [class unloading, 0.0002343 secs]2021-01-19T09:12:03.371+0800: 0.866: [scrub symbol table, 0.0003599 secs]2021-01-19T09:12:03.371+0800: 0.866: [scrub string table, 0.0000955 secs][1 CMS-remark: 330153K(349568K)] 364762K(506816K), 0.0010687 secs] [Times: user=0.00 sys=0.00, real=0.00 secs] 
2021-01-19T09:12:03.371+0800: 0.867: [CMS-concurrent-sweep-start]
2021-01-19T09:12:03.372+0800: 0.867: [CMS-concurrent-sweep: 0.001/0.001 secs] [Times: user=0.00 sys=0.00, real=0.00 secs] 
2021-01-19T09:12:03.372+0800: 0.867: [CMS-concurrent-reset-start]
2021-01-19T09:12:03.372+0800: 0.868: [CMS-concurrent-reset: 0.000/0.000 secs] [Times: user=0.00 sys=0.00, real=0.00 secs] 
2021-01-19T09:12:03.391+0800: 0.887: [GC (Allocation Failure) 2021-01-19T09:12:03.391+0800: 0.887: [ParNew: 157247K->17471K(157248K), 0.0105914 secs] 448575K->353590K(506816K), 0.0106994 secs] [Times: user=0.05 sys=0.00, real=0.01 secs] 
2021-01-19T09:12:03.402+0800: 0.898: [GC (CMS Initial Mark) [1 CMS-initial-mark: 336118K(349568K)] 354310K(506816K), 0.0001265 secs] [Times: user=0.00 sys=0.00, real=0.00 secs] 
2021-01-19T09:12:03.402+0800: 0.898: [CMS-concurrent-mark-start]
2021-01-19T09:12:03.405+0800: 0.900: [CMS-concurrent-mark: 0.002/0.002 secs] [Times: user=0.00 sys=0.00, real=0.00 secs] 
2021-01-19T09:12:03.405+0800: 0.900: [CMS-concurrent-preclean-start]
2021-01-19T09:12:03.405+0800: 0.900: [CMS-concurrent-preclean: 0.000/0.000 secs] [Times: user=0.00 sys=0.00, real=0.00 secs] 
2021-01-19T09:12:03.405+0800: 0.900: [CMS-concurrent-abortable-preclean-start]
2021-01-19T09:12:03.405+0800: 0.900: [CMS-concurrent-abortable-preclean: 0.000/0.000 secs] [Times: user=0.00 sys=0.00, real=0.00 secs] 
2021-01-19T09:12:03.405+0800: 0.901: [GC (CMS Final Remark) [YG occupancy: 33433 K (157248 K)]2021-01-19T09:12:03.405+0800: 0.901: [Rescan (parallel) , 0.0002111 secs]2021-01-19T09:12:03.405+0800: 0.901: [weak refs processing, 0.0000100 secs]2021-01-19T09:12:03.406+0800: 0.901: [class unloading, 0.0002481 secs]2021-01-19T09:12:03.406+0800: 0.901: [scrub symbol table, 0.0003311 secs]2021-01-19T09:12:03.406+0800: 0.902: [scrub string table, 0.0001035 secs][1 CMS-remark: 336118K(349568K)] 369551K(506816K), 0.0009823 secs] [Times: user=0.00 sys=0.00, real=0.00 secs] 
2021-01-19T09:12:03.406+0800: 0.902: [CMS-concurrent-sweep-start]
2021-01-19T09:12:03.407+0800: 0.902: [CMS-concurrent-sweep: 0.001/0.001 secs] [Times: user=0.00 sys=0.00, real=0.00 secs] 
2021-01-19T09:12:03.407+0800: 0.902: [CMS-concurrent-reset-start]
2021-01-19T09:12:03.407+0800: 0.903: [CMS-concurrent-reset: 0.000/0.000 secs] [Times: user=0.00 sys=0.00, real=0.00 secs] 
2021-01-19T09:12:03.426+0800: 0.922: [GC (Allocation Failure) 2021-01-19T09:12:03.426+0800: 0.922: [ParNew: 157107K->157107K(157248K), 0.0000196 secs]2021-01-19T09:12:03.426+0800: 0.922: [CMS: 297333K->330645K(349568K), 0.0597803 secs] 454441K->330645K(506816K), [Metaspace: 2653K->2653K(1056768K)], 0.0599123 secs] [Times: user=0.06 sys=0.00, real=0.06 secs] 
2021-01-19T09:12:03.486+0800: 0.982: [GC (CMS Initial Mark) [1 CMS-initial-mark: 330645K(349568K)] 330974K(506816K), 0.0001352 secs] [Times: user=0.00 sys=0.00, real=0.00 secs] 
2021-01-19T09:12:03.487+0800: 0.982: [CMS-concurrent-mark-start]
2021-01-19T09:12:03.489+0800: 0.984: [CMS-concurrent-mark: 0.002/0.002 secs] [Times: user=0.00 sys=0.00, real=0.00 secs] 
2021-01-19T09:12:03.489+0800: 0.984: [CMS-concurrent-preclean-start]
2021-01-19T09:12:03.489+0800: 0.985: [CMS-concurrent-preclean: 0.000/0.000 secs] [Times: user=0.00 sys=0.00, real=0.00 secs] 
2021-01-19T09:12:03.489+0800: 0.985: [CMS-concurrent-abortable-preclean-start]
2021-01-19T09:12:03.489+0800: 0.985: [CMS-concurrent-abortable-preclean: 0.000/0.000 secs] [Times: user=0.00 sys=0.00, real=0.00 secs] 
2021-01-19T09:12:03.490+0800: 0.985: [GC (CMS Final Remark) [YG occupancy: 24684 K (157248 K)]2021-01-19T09:12:03.490+0800: 0.985: [Rescan (parallel) , 0.0002126 secs]2021-01-19T09:12:03.490+0800: 0.985: [weak refs processing, 0.0000098 secs]2021-01-19T09:12:03.490+0800: 0.985: [class unloading, 0.0001929 secs]2021-01-19T09:12:03.490+0800: 0.985: [scrub symbol table, 0.0003293 secs]2021-01-19T09:12:03.490+0800: 0.986: [scrub string table, 0.0000915 secs][1 CMS-remark: 330645K(349568K)] 355330K(506816K), 0.0009100 secs] [Times: user=0.00 sys=0.00, real=0.00 secs] 
2021-01-19T09:12:03.491+0800: 0.986: [CMS-concurrent-sweep-start]
2021-01-19T09:12:03.491+0800: 0.987: [CMS-concurrent-sweep: 0.001/0.001 secs] [Times: user=0.00 sys=0.00, real=0.00 secs] 
2021-01-19T09:12:03.491+0800: 0.987: [CMS-concurrent-reset-start]
2021-01-19T09:12:03.491+0800: 0.987: [CMS-concurrent-reset: 0.000/0.000 secs] [Times: user=0.00 sys=0.00, real=0.00 secs] 
2021-01-19T09:12:03.510+0800: 1.005: [GC (Allocation Failure) 2021-01-19T09:12:03.510+0800: 1.005: [ParNew: 139776K->139776K(157248K), 0.0000348 secs]2021-01-19T09:12:03.510+0800: 1.005: [CMS: 329892K->330695K(349568K), 0.0520437 secs] 469668K->330695K(506816K), [Metaspace: 2653K->2653K(1056768K)], 0.0521923 secs] [Times: user=0.05 sys=0.00, real=0.05 secs] 
2021-01-19T09:12:03.562+0800: 1.057: [GC (CMS Initial Mark) [1 CMS-initial-mark: 330695K(349568K)] 330850K(506816K), 0.0001287 secs] [Times: user=0.00 sys=0.00, real=0.00 secs] 
2021-01-19T09:12:03.562+0800: 1.058: [CMS-concurrent-mark-start]
2021-01-19T09:12:03.564+0800: 1.060: [CMS-concurrent-mark: 0.002/0.002 secs] [Times: user=0.00 sys=0.00, real=0.00 secs] 
2021-01-19T09:12:03.564+0800: 1.060: [CMS-concurrent-preclean-start]
2021-01-19T09:12:03.565+0800: 1.060: [CMS-concurrent-preclean: 0.001/0.001 secs] [Times: user=0.00 sys=0.00, real=0.00 secs] 
2021-01-19T09:12:03.565+0800: 1.060: [CMS-concurrent-abortable-preclean-start]
2021-01-19T09:12:03.594+0800: 1.089: [GC (Allocation Failure) 2021-01-19T09:12:03.594+0800: 1.089: [ParNew: 139596K->139596K(157248K), 0.0000211 secs]2021-01-19T09:12:03.594+0800: 1.089: [CMS2021-01-19T09:12:03.594+0800: 1.089: [CMS-concurrent-abortable-preclean: 0.001/0.029 secs] [Times: user=0.02 sys=0.00, real=0.03 secs] 
 (concurrent mode failure): 330695K->332058K(349568K), 0.0657184 secs] 470292K->332058K(506816K), [Metaspace: 2653K->2653K(1056768K)], 0.0658525 secs] [Times: user=0.06 sys=0.00, real=0.06 secs] 
2021-01-19T09:12:03.701+0800: 1.196: [GC (Allocation Failure) 2021-01-19T09:12:03.701+0800: 1.196: [ParNew: 139511K->139511K(157248K), 0.0000369 secs]2021-01-19T09:12:03.701+0800: 1.196: [CMS: 332058K->338048K(349568K), 0.0639948 secs] 471569K->338048K(506816K), [Metaspace: 2653K->2653K(1056768K)], 0.0642327 secs] [Times: user=0.06 sys=0.00, real=0.06 secs] 
2021-01-19T09:12:03.766+0800: 1.262: [GC (CMS Initial Mark) [1 CMS-initial-mark: 338048K(349568K)] 338718K(506816K), 0.0001128 secs] [Times: user=0.00 sys=0.00, real=0.00 secs] 
2021-01-19T09:12:03.767+0800: 1.262: [CMS-concurrent-mark-start]
Heap
 par new generation   total 157248K, used 6232K [0x00000000e0000000, 0x00000000eaaa0000, 0x00000000eaaa0000)
  eden space 139776K,   4% used [0x00000000e0000000, 0x00000000e0616020, 0x00000000e8880000)
  from space 17472K,   0% used [0x00000000e9990000, 0x00000000e9990000, 0x00000000eaaa0000)
  to   space 17472K,   0% used [0x00000000e8880000, 0x00000000e8880000, 0x00000000e9990000)
 concurrent mark-sweep generation total 349568K, used 338048K [0x00000000eaaa0000, 0x0000000100000000, 0x0000000100000000)
 Metaspace       used 2659K, capacity 4486K, committed 4864K, reserved 1056768K
  class space    used 297K, capacity 386K, committed 512K, reserved 1048576K
