Java HotSpot(TM) 64-Bit Server VM (25.131-b11) for windows-amd64 JRE (1.8.0_131-b11), built on Mar 15 2017 01:23:53 by "java_re" with MS VC++ 10.0 (VS2010)
Memory: 4k page, physical 29238548k(8035244k free), swap 59647252k(11315376k free)
CommandLine flags: -XX:InitialHeapSize=536870912 -XX:MaxHeapSize=536870912 -XX:+PrintGC -XX:+PrintGCDateStamps -XX:+PrintGCDetails -XX:+PrintGCTimeStamps -XX:+UseCompressedClassPointers -XX:+UseCompressedOops -XX:-UseLargePagesIndividualAllocation -XX:+UseParallelGC 
2021-01-19T09:09:41.083+0800: 0.202: [GC (Allocation Failure) [PSYoungGen: 131584K->21500K(153088K)] 131584K->39295K(502784K), 0.0094793 secs] [Times: user=0.05 sys=0.02, real=0.01 secs] 
2021-01-19T09:09:41.115+0800: 0.234: [GC (Allocation Failure) [PSYoungGen: 153081K->21501K(153088K)] 170876K->86356K(502784K), 0.0203274 secs] [Times: user=0.03 sys=0.02, real=0.02 secs] 
2021-01-19T09:09:41.155+0800: 0.274: [GC (Allocation Failure) [PSYoungGen: 153085K->21498K(153088K)] 217940K->125263K(502784K), 0.0127240 secs] [Times: user=0.02 sys=0.03, real=0.01 secs] 
2021-01-19T09:09:41.186+0800: 0.305: [GC (Allocation Failure) [PSYoungGen: 153079K->21502K(153088K)] 256843K->175974K(502784K), 0.0167989 secs] [Times: user=0.03 sys=0.03, real=0.02 secs] 
2021-01-19T09:09:41.222+0800: 0.341: [GC (Allocation Failure) [PSYoungGen: 153086K->21501K(153088K)] 307558K->216029K(502784K), 0.0166505 secs] [Times: user=0.00 sys=0.05, real=0.02 secs] 
2021-01-19T09:09:41.258+0800: 0.377: [GC (Allocation Failure) [PSYoungGen: 153085K->21498K(80384K)] 347613K->257676K(430080K), 0.0162511 secs] [Times: user=0.06 sys=0.00, real=0.02 secs] 
2021-01-19T09:09:41.283+0800: 0.403: [GC (Allocation Failure) [PSYoungGen: 80378K->32347K(116736K)] 316556K->275666K(466432K), 0.0071403 secs] [Times: user=0.05 sys=0.00, real=0.01 secs] 
2021-01-19T09:09:41.300+0800: 0.420: [GC (Allocation Failure) [PSYoungGen: 91227K->48262K(116736K)] 334546K->297607K(466432K), 0.0091043 secs] [Times: user=0.05 sys=0.00, real=0.01 secs] 
2021-01-19T09:09:41.318+0800: 0.437: [GC (Allocation Failure) [PSYoungGen: 107142K->57849K(116736K)] 356487K->315236K(466432K), 0.0106853 secs] [Times: user=0.05 sys=0.00, real=0.01 secs] 
2021-01-19T09:09:41.339+0800: 0.458: [GC (Allocation Failure) [PSYoungGen: 116729K->40618K(116736K)] 374116K->331148K(466432K), 0.0148722 secs] [Times: user=0.05 sys=0.02, real=0.02 secs] 
2021-01-19T09:09:41.354+0800: 0.473: [Full GC (Ergonomics) [PSYoungGen: 40618K->0K(116736K)] [ParOldGen: 290529K->231746K(349696K)] 331148K->231746K(466432K), [Metaspace: 2653K->2653K(1056768K)], 0.0423214 secs] [Times: user=0.13 sys=0.00, real=0.04 secs] 
2021-01-19T09:09:41.406+0800: 0.525: [GC (Allocation Failure) [PSYoungGen: 58880K->21143K(116736K)] 290626K->252890K(466432K), 0.0034388 secs] [Times: user=0.00 sys=0.00, real=0.00 secs] 
2021-01-19T09:09:41.418+0800: 0.537: [GC (Allocation Failure) [PSYoungGen: 80023K->18141K(116736K)] 311770K->269808K(466432K), 0.0066866 secs] [Times: user=0.00 sys=0.00, real=0.01 secs] 
2021-01-19T09:09:41.434+0800: 0.553: [GC (Allocation Failure) [PSYoungGen: 76908K->20513K(116736K)] 328576K->289969K(466432K), 0.0068844 secs] [Times: user=0.00 sys=0.00, real=0.01 secs] 
2021-01-19T09:09:41.450+0800: 0.569: [GC (Allocation Failure) [PSYoungGen: 79373K->20354K(116736K)] 348830K->309260K(466432K), 0.0072670 secs] [Times: user=0.00 sys=0.00, real=0.01 secs] 
2021-01-19T09:09:41.468+0800: 0.587: [GC (Allocation Failure) [PSYoungGen: 79032K->19729K(116736K)] 367939K->328187K(466432K), 0.0078457 secs] [Times: user=0.00 sys=0.00, real=0.01 secs] 
2021-01-19T09:09:41.476+0800: 0.595: [Full GC (Ergonomics) [PSYoungGen: 19729K->0K(116736K)] [ParOldGen: 308458K->272124K(349696K)] 328187K->272124K(466432K), [Metaspace: 2653K->2653K(1056768K)], 0.0439843 secs] [Times: user=0.17 sys=0.00, real=0.04 secs] 
2021-01-19T09:09:41.529+0800: 0.648: [GC (Allocation Failure) [PSYoungGen: 58566K->21920K(116736K)] 330691K->294045K(466432K), 0.0040113 secs] [Times: user=0.00 sys=0.00, real=0.00 secs] 
2021-01-19T09:09:41.544+0800: 0.663: [GC (Allocation Failure) [PSYoungGen: 80800K->20263K(116736K)] 352925K->313178K(466432K), 0.0072911 secs] [Times: user=0.00 sys=0.00, real=0.01 secs] 
2021-01-19T09:09:41.560+0800: 0.679: [GC (Allocation Failure) [PSYoungGen: 78968K->19103K(116736K)] 371883K->331387K(466432K), 0.0059957 secs] [Times: user=0.00 sys=0.00, real=0.01 secs] 
2021-01-19T09:09:41.566+0800: 0.686: [Full GC (Ergonomics) [PSYoungGen: 19103K->0K(116736K)] [ParOldGen: 312283K->288380K(349696K)] 331387K->288380K(466432K), [Metaspace: 2653K->2653K(1056768K)], 0.0457759 secs] [Times: user=0.19 sys=0.00, real=0.05 secs] 
2021-01-19T09:09:41.621+0800: 0.740: [GC (Allocation Failure) [PSYoungGen: 58879K->19180K(116736K)] 347260K->307560K(466432K), 0.0034349 secs] [Times: user=0.00 sys=0.00, real=0.00 secs] 
2021-01-19T09:09:41.633+0800: 0.752: [GC (Allocation Failure) [PSYoungGen: 77991K->23487K(116736K)] 366372K->328965K(466432K), 0.0071144 secs] [Times: user=0.06 sys=0.00, real=0.01 secs] 
2021-01-19T09:09:41.648+0800: 0.767: [GC (Allocation Failure) [PSYoungGen: 82137K->19881K(116736K)] 387615K->347422K(466432K), 0.0089850 secs] [Times: user=0.06 sys=0.00, real=0.01 secs] 
2021-01-19T09:09:41.657+0800: 0.776: [Full GC (Ergonomics) [PSYoungGen: 19881K->0K(116736K)] [ParOldGen: 327541K->306108K(349696K)] 347422K->306108K(466432K), [Metaspace: 2653K->2653K(1056768K)], 0.0533363 secs] [Times: user=0.13 sys=0.00, real=0.05 secs] 
2021-01-19T09:09:41.719+0800: 0.838: [GC (Allocation Failure) [PSYoungGen: 58751K->20396K(116736K)] 364860K->326505K(466432K), 0.0042627 secs] [Times: user=0.00 sys=0.00, real=0.00 secs] 
2021-01-19T09:09:41.732+0800: 0.851: [GC (Allocation Failure) [PSYoungGen: 79276K->18040K(116736K)] 385385K->341704K(466432K), 0.0065565 secs] [Times: user=0.00 sys=0.00, real=0.01 secs] 
2021-01-19T09:09:41.739+0800: 0.858: [Full GC (Ergonomics) [PSYoungGen: 18040K->0K(116736K)] [ParOldGen: 323664K->308622K(349696K)] 341704K->308622K(466432K), [Metaspace: 2653K->2653K(1056768K)], 0.0492431 secs] [Times: user=0.17 sys=0.00, real=0.05 secs] 
2021-01-19T09:09:41.796+0800: 0.915: [GC (Allocation Failure) [PSYoungGen: 58315K->21675K(116736K)] 366937K->330297K(466432K), 0.0040899 secs] [Times: user=0.00 sys=0.00, real=0.01 secs] 
2021-01-19T09:09:41.810+0800: 0.929: [GC (Allocation Failure) [PSYoungGen: 80394K->23217K(116736K)] 389016K->352881K(466432K), 0.0073644 secs] [Times: user=0.00 sys=0.00, real=0.01 secs] 
2021-01-19T09:09:41.818+0800: 0.937: [Full GC (Ergonomics) [PSYoungGen: 23217K->0K(116736K)] [ParOldGen: 329663K->319342K(349696K)] 352881K->319342K(466432K), [Metaspace: 2653K->2653K(1056768K)], 0.0487337 secs] [Times: user=0.17 sys=0.00, real=0.05 secs] 
2021-01-19T09:09:41.877+0800: 0.996: [Full GC (Ergonomics) [PSYoungGen: 58492K->0K(116736K)] [ParOldGen: 319342K->319021K(349696K)] 377835K->319021K(466432K), [Metaspace: 2653K->2653K(1056768K)], 0.0725106 secs] [Times: user=0.16 sys=0.01, real=0.07 secs] 
2021-01-19T09:09:41.961+0800: 1.080: [Full GC (Ergonomics) [PSYoungGen: 58880K->0K(116736K)] [ParOldGen: 319021K->320757K(349696K)] 377901K->320757K(466432K), [Metaspace: 2653K->2653K(1056768K)], 0.0862420 secs] [Times: user=0.11 sys=0.02, real=0.09 secs] 
Heap
 PSYoungGen      total 116736K, used 2600K [0x00000000f5580000, 0x0000000100000000, 0x0000000100000000)
  eden space 58880K, 4% used [0x00000000f5580000,0x00000000f580a3b8,0x00000000f8f00000)
  from space 57856K, 0% used [0x00000000f8f00000,0x00000000f8f00000,0x00000000fc780000)
  to   space 57856K, 0% used [0x00000000fc780000,0x00000000fc780000,0x0000000100000000)
 ParOldGen       total 349696K, used 320757K [0x00000000e0000000, 0x00000000f5580000, 0x00000000f5580000)
  object space 349696K, 91% used [0x00000000e0000000,0x00000000f393d528,0x00000000f5580000)
 Metaspace       used 2659K, capacity 4486K, committed 4864K, reserved 1056768K
  class space    used 297K, capacity 386K, committed 512K, reserved 1048576K
