Java HotSpot(TM) 64-Bit Server VM (25.131-b11) for windows-amd64 JRE (1.8.0_131-b11), built on Mar 15 2017 01:23:53 by "java_re" with MS VC++ 10.0 (VS2010)
Memory: 4k page, physical 29238548k(6192332k free), swap 59647252k(11156484k free)
CommandLine flags: -XX:InitialHeapSize=536870912 -XX:MaxHeapSize=536870912 -XX:+PrintGC -XX:+PrintGCDateStamps -XX:+PrintGCDetails -XX:+PrintGCTimeStamps -XX:+UseCompressedClassPointers -XX:+UseCompressedOops -XX:-UseLargePagesIndividualAllocation -XX:+UseSerialGC 
2021-01-19T09:01:24.804+0800: 0.250: [GC (Allocation Failure) 2021-01-19T09:01:24.804+0800: 0.250: [DefNew: 139695K->17472K(157248K), 0.0221648 secs] 139695K->49989K(506816K), 0.0223713 secs] [Times: user=0.06 sys=0.00, real=0.02 secs] 
2021-01-19T09:01:24.850+0800: 0.296: [GC (Allocation Failure) 2021-01-19T09:01:24.850+0800: 0.296: [DefNew: 157248K->17466K(157248K), 0.0249461 secs] 189765K->87081K(506816K), 0.0250572 secs] [Times: user=0.00 sys=0.03, real=0.03 secs] 
2021-01-19T09:01:24.900+0800: 0.346: [GC (Allocation Failure) 2021-01-19T09:01:24.901+0800: 0.346: [DefNew: 157242K->17468K(157248K), 0.0231881 secs] 226857K->128892K(506816K), 0.0233044 secs] [Times: user=0.02 sys=0.00, real=0.02 secs] 
2021-01-19T09:01:24.950+0800: 0.395: [GC (Allocation Failure) 2021-01-19T09:01:24.950+0800: 0.395: [DefNew: 157244K->17471K(157248K), 0.0241431 secs] 268668K->173557K(506816K), 0.0242677 secs] [Times: user=0.02 sys=0.00, real=0.02 secs] 
2021-01-19T09:01:24.998+0800: 0.444: [GC (Allocation Failure) 2021-01-19T09:01:24.998+0800: 0.444: [DefNew: 157188K->17471K(157248K), 0.0201605 secs] 313274K->211384K(506816K), 0.0202492 secs] [Times: user=0.01 sys=0.00, real=0.02 secs] 
2021-01-19T09:01:25.044+0800: 0.489: [GC (Allocation Failure) 2021-01-19T09:01:25.044+0800: 0.490: [DefNew: 157247K->17471K(157248K), 0.0237742 secs] 351160K->256346K(506816K), 0.0238912 secs] [Times: user=0.02 sys=0.00, real=0.02 secs] 
2021-01-19T09:01:25.097+0800: 0.543: [GC (Allocation Failure) 2021-01-19T09:01:25.097+0800: 0.543: [DefNew: 157247K->17471K(157248K), 0.0212281 secs] 396122K->299855K(506816K), 0.0213485 secs] [Times: user=0.02 sys=0.02, real=0.02 secs] 
2021-01-19T09:01:25.142+0800: 0.587: [GC (Allocation Failure) 2021-01-19T09:01:25.142+0800: 0.587: [DefNew: 157179K->17469K(157248K), 0.0224382 secs] 439563K->345201K(506816K), 0.0225614 secs] [Times: user=0.02 sys=0.00, real=0.02 secs] 
2021-01-19T09:01:25.189+0800: 0.635: [GC (Allocation Failure) 2021-01-19T09:01:25.190+0800: 0.635: [DefNew: 157245K->157245K(157248K), 0.0000171 secs]2021-01-19T09:01:25.190+0800: 0.635: [Tenured: 327732K->279999K(349568K), 0.0489240 secs] 484977K->279999K(506816K), [Metaspace: 2653K->2653K(1056768K)], 0.0491313 secs] [Times: user=0.05 sys=0.00, real=0.05 secs] 
2021-01-19T09:01:25.263+0800: 0.708: [GC (Allocation Failure) 2021-01-19T09:01:25.263+0800: 0.708: [DefNew: 139776K->17472K(157248K), 0.0091403 secs] 419775K->325705K(506816K), 0.0092705 secs] [Times: user=0.00 sys=0.00, real=0.01 secs] 
2021-01-19T09:01:25.298+0800: 0.744: [GC (Allocation Failure) 2021-01-19T09:01:25.298+0800: 0.744: [DefNew: 157248K->157248K(157248K), 0.0000171 secs]2021-01-19T09:01:25.298+0800: 0.744: [Tenured: 308233K->304087K(349568K), 0.0538315 secs] 465481K->304087K(506816K), [Metaspace: 2653K->2653K(1056768K)], 0.0539795 secs] [Times: user=0.05 sys=0.00, real=0.05 secs] 
2021-01-19T09:01:25.375+0800: 0.821: [GC (Allocation Failure) 2021-01-19T09:01:25.375+0800: 0.821: [DefNew: 139776K->17471K(157248K), 0.0088645 secs] 443863K->346885K(506816K), 0.0090020 secs] [Times: user=0.02 sys=0.00, real=0.01 secs] 
2021-01-19T09:01:25.409+0800: 0.855: [GC (Allocation Failure) 2021-01-19T09:01:25.409+0800: 0.855: [DefNew: 157247K->157247K(157248K), 0.0000192 secs]2021-01-19T09:01:25.409+0800: 0.855: [Tenured: 329413K->318993K(349568K), 0.0563874 secs] 486661K->318993K(506816K), [Metaspace: 2653K->2653K(1056768K)], 0.0565145 secs] [Times: user=0.06 sys=0.00, real=0.06 secs] 
2021-01-19T09:01:25.490+0800: 0.936: [GC (Allocation Failure) 2021-01-19T09:01:25.490+0800: 0.936: [DefNew: 139776K->139776K(157248K), 0.0001168 secs]2021-01-19T09:01:25.491+0800: 0.936: [Tenured: 318993K->307340K(349568K), 0.0597384 secs] 458769K->307340K(506816K), [Metaspace: 2653K->2653K(1056768K)], 0.0599938 secs] [Times: user=0.06 sys=0.00, real=0.06 secs] 
2021-01-19T09:01:25.572+0800: 1.018: [GC (Allocation Failure) 2021-01-19T09:01:25.572+0800: 1.018: [DefNew: 139776K->17469K(157248K), 0.0084774 secs] 447116K->347899K(506816K), 0.0085692 secs] [Times: user=0.00 sys=0.00, real=0.01 secs] 
2021-01-19T09:01:25.607+0800: 1.053: [GC (Allocation Failure) 2021-01-19T09:01:25.607+0800: 1.053: [DefNew: 157245K->157245K(157248K), 0.0000253 secs]2021-01-19T09:01:25.607+0800: 1.053: [Tenured: 330430K->346439K(349568K), 0.0513324 secs] 487675K->346439K(506816K), [Metaspace: 2653K->2653K(1056768K)], 0.0514605 secs] [Times: user=0.05 sys=0.00, real=0.05 secs] 
2021-01-19T09:01:25.684+0800: 1.130: [GC (Allocation Failure) 2021-01-19T09:01:25.684+0800: 1.130: [DefNew: 139776K->139776K(157248K), 0.0000176 secs]2021-01-19T09:01:25.684+0800: 1.130: [Tenured: 346439K->349362K(349568K), 0.0564329 secs] 486215K->357316K(506816K), [Metaspace: 2653K->2653K(1056768K)], 0.0565589 secs] [Times: user=0.05 sys=0.00, real=0.06 secs] 
Heap
 def new generation   total 157248K, used 13585K [0x00000000e0000000, 0x00000000eaaa0000, 0x00000000eaaa0000)
  eden space 139776K,   9% used [0x00000000e0000000, 0x00000000e0d44590, 0x00000000e8880000)
  from space 17472K,   0% used [0x00000000e9990000, 0x00000000e9990000, 0x00000000eaaa0000)
  to   space 17472K,   0% used [0x00000000e8880000, 0x00000000e8880000, 0x00000000e9990000)
 tenured generation   total 349568K, used 349362K [0x00000000eaaa0000, 0x0000000100000000, 0x0000000100000000)
   the space 349568K,  99% used [0x00000000eaaa0000, 0x00000000fffcc958, 0x00000000fffcca00, 0x0000000100000000)
 Metaspace       used 2659K, capacity 4486K, committed 4864K, reserved 1056768K
  class space    used 297K, capacity 386K, committed 512K, reserved 1048576K
